Wot, Wot, Wot, Wot, Wot, Wot, Wot, Wot, Wot, Wot, Wot, Wot, Wot, Wot, Wot, Wot, Wot, Wot, Wot, Wot, Wot, Wot, Wot, Wot, Wot, Wot, Wot, Wot, Wot, Wot, Wot, Wot, Wot, Wot, Wot, Wot, Wot, Wot, Wot, Wot, Wot, Wot, Wot, Wot, Wot, Wot, Wot, Wot, Wot, Wot, Wot, Wot, Wot, Wot, Wot, Wot, Wot, Wot, Wot, Wot, Wot, Wot, Wot, Wot, Wot, Wot, Wot, Wot, Wot, Wot, Wot, Wot
Wot, Wot, Wot, Wot, Wot, Wot, Wot, Wot, Wot, Wot, Wot, Wot, Wot, Wot, Wot, Wot, Wot, Wot, Wot, Wot, Wot, Wot, Wot, Wot, Wot, Wot, Wot, Wot, Wot, Wot, Wot, Wot, Wot, Wot, Wot, Wot, Wot, Wot, Wot, Wot, Wot, Wot, Wot, Wot, Wot, Wot, Wot, Wot, Wot, Wot, Wot, Wot, Wot, Wot, Wot, Wot, Wot, Wot, Wot, Wot, Wot, Wot, Wot, Wot, Wot, Wot, Wot, Wot, Wot, Wot, Wot, Wot
Wot, Wot, Wot, Wot, Wot, Wot, Wot, Wot, Wot, Wot, Wot, Wot, Wot, Wot, Wwrt, Wot, Md, Wot, Wot, Wot, Wot, Wot, Wot, Wot, Wot, Wot, Wot, Wot, Wot, Wot, Wot, Wot, Wot, Wot, Wot, Wot, Wot, Wot, Wot, Wot, Wot, Wot, Wot, Wot, Wot, Wot, Wot, Wot, Wot, Wot, Wwt, Wot, Wwt, Wwt, Wot, Wot, Wot, Wot, Wot, Wot, Wot, Wot, Wot, Wot, Wwr, Wot, Wot, Wot, Wot, Wot, Wot, Wot
Wot, Wot, Wot, Wot, Wot, Wot, Wot, Wot, Wot, Wot, Wot, Wot, Wot, Wot, Wot, Wwrt, Wwrt, Md, Md, Md, Md, Wot, Wot, Wot, Wot, Wot, Wot, Wot, Wot, Wot, Md, Wot, Wot, Wot, Wot, Wot, Wot, Wot, Wot, Wot, Wot, Wot, Wot, Wot, Wot, Wot, Wot, Wot, Wwt, Wwt, Md, Wwt, Md, Wwt, Md, Wot, Md, Wot, Wot, Wot, Wwr, Wwr, Wwr, Wwr, Wwr, Wot, Wot, Wot, Wot, Wot, Wot, Wot
Wot, Wot, Wot, Wot, Wot, Wot, Wot, Wot, Wot, Wot, Wot, Wot, Wot, Wot, Wot, Wwrt, Wwrt, Md, Md, Md, Md, Md, Md, Wot, Wot, Wot, Wwt, Wot, Wwt, Wwt, Md, Md, Md, Md, Md, Wot, Wot, Wot, Wot, Wot, Wot, Wot, Wot, Wot, Wwt, Wwt, Md, Md, Md, Md, Md, Md, Md, Md, Md, Md, Md, Md, Md, Md, Wwt, Wwt, Wwt, Wwt, Wot, Wot, Wot, Wot, Wot, Wot, Wot, Wot
Wot, Wot, Wot, Wot, Wot, Wot, Wot, Wot, Wot, Wot, Wot, Wot, Wot, Wot, Wot, Wot, Wwrt, Wwrt, Md, Md, Md, Md, Md, Wwt, Wwt, Wwt, Wwrt, Wwt, Wwrt, Hd, Hd, Md, Md, Md, Md, Md, Md, Md, Md, Md, Md, Md, Md, Md, Md, Md, Md, Md, Md, Md, Uu, Md, Md, Md, Md, Md, Md, Md, Md, Wwt, Wwt, Wwt, Wwt, Wot, Wot, Wot, Wot, Wot, Wot, Wot, Wot, Wot
Wot, Wot, Wot, Wot, Wot, Wot, Wot, Wot, Wot, Wot, Wot, Wot, Wot, Wot, Wot, Wot, Wot, Wwrt, Md, Md, Md, Md, Md, Md, Md, Md, Md, Wwrt, Wwrt, Wwrt, Hd, Md, Md, Md, Md, Md, Md, Md, Md, Md, Md, Md, Md, Md, Md, Md, Md, Md, Md, Md, Hh^Fms, Md, Hh^Fms, Md, Hh^Fms, Hh^Fms, Gs^Fms, Md, Wwt, Wwt, Wwt, Wwt, Wwt, Wot, Wwrt, Wot, Wot, Wot, Wot, Wot, Wot, Wot
Wot, Wot, Wot, Wot, Wot, Wot, Wot, Wot, Wot, Wot, Wot, Wot, Wot, Wot, Wot, Wot, Wot, Wwrt, Wwrt, Md, Md, Md, Md, Md, Md, Md, Md, Md, Hd, Wwrt, Hd, Md, Md, Md, Uh, Uh, Mv, Md, Uh, Uh, Uh, Md, Md, Md, Md, Md, Hh^Fms, Md, Hh^Fms, Hh^Fms, Hh^Fms, Hh^Fms, Hh^Fms, Hh^Fms, Gs^Fms, Gs^Fds, Gs^Fms, Ds, Wwt, Wwt, Wwt, Wwt, Wwt, Wot, Wwrt, Wot, Wot, Wot, Wot, Wot, Wot, Wot
Wot, Wot, Wot, Wot, Wot, Wot, Wot, Wot, Wot, Wot, Wot, Wot, Wot, Wot, Wot, Wot, Wot, Wot, Wot, Wwt, Wwt, Md, Md, Md, Md, Md, Md, Md, Wwrt, Wwrt, Md, Md, Md, Md, Md, Md, Md, Md, Uh, Md, Md, Md, Md, Md, Hh^Fms, Hh^Fms, Hhd, Hh^Fms, Hhd, Hh^Fms, 3 Gs^Fds, Gs^Fds, Gs^Fms, Gs^Fds, Gs^Fms, Gs^Fms, Ds, Ds, Wwt, Wwt, Wwt, Wwt, Wwt, Wwrt, Wwrt, Wot, Wot, Wot, Wot, Wot, Wot, Wot
Wot, Wot, Wot, Wot, Wot, Wot, Wot, Wot, Wot, Wot, Wot, Wot, Wot, Wot, Wot, Wot, Wot, Wot, Wwrt, Wot, Wwt, Md, Md, Md, Md, Md, Md, Md, Wwrt, Md, Md, Md, Md, Md, Md, Md, Md, Uh, Md, Md, Md, Md, Hh^Fms, Hh^Fms, Gs^Fds, Gs^Fms, Hh^Fms, Hhd, Gs^Fms, Gs^Fds, Gs^Fds, Gs^Fds, Gs^Fds, Gs^Fms, Gs^Fds, Ds, Wwt, Wwt, Wwt, Wwt, Wwt, Wwt, Wwt, Wwrt, Wwrt, Wot, Wot, Wot, Wot, Wot, Wot, Wot
Wot, Wot, Wot, Wot, Wot, Wot, Wot, Wot, Wot, Wot, Wot, Wot, Wot, Wot, Wot, Wot, Wot, Wwrt, Wwrt, Wwt, Md, Md, Md, Md, Md, Md, Wwrt, Wwrt, Md, Md, Md, Md, Md, Md, Md, Md, Md, Md, Md, Md, Hh^Fms, Hh^Fms, Gs^Fds, Hh^Fms, Gs^Fds, Gs^Fds, Gs^Fms, Gs^Fms, Gs^Fms, Gs^Fds, Gs^Fms, Gs^Fds, Gs^Fms, Gs^Fds, Gs^Fms, Ds, Ds, Wwt, Wwt, Wwt, Wwt, Wwt, Wwt, Wwrt, Wwrt, Wot, Wot, Wot, Wot, Wot, Wot, Wot
Wot, Wot, Wot, Wot, Wot, Wot, Wot, Wot, Wot, Wot, Wot, Wot, Wot, Wot, Wot, Wot, Wot, Wot, Wwrt, Wwrt, Md, Md, Md, Md, Md, Wwrt, Md, Md, Md, Md, Md, Uh, Md, Md, Md, Md, Md, Md, Md, Hh^Fms, Hh^Fms, Hh^Fms, Gs^Fds, Gs^Fms, Gs^Fds, Gs^Fds, Gs^Fms, Gs^Fds, Gs^Fms, Gs^Fds, Gs^Fds, Rd, Gs^Fp, Gs^Fds, Gs^Fds, Gs^Fms, Ds, Wwt, Wwt, Wwt, Wwt, Wwt, Wwrt, Wwrt, Wot, Wot, Wot, Wot, Wot, Wot, Wot, Wot
Wot, Wot, Wot, Wot, Wot, Wot, Wot, Wot, Wot, Wot, Wot, Wot, Wot, Wot, Wot, Wot, Wot, Wot, Wwrt, Wwrt, Md, Md, Md, Md, Md, Md, Md, Md, Md, Md, Hhd, Uh, Md, Md, Md, Md, Md, Md, Hh^Fms, Hh^Fms, Hh^Fms, Gs^Fms, Gs^Fds, Gs^Fms, Gs^Fms, Gs^Fms, Gs^Fds, Gs^Fms, Gs^Fds, Gs^Fms, Gs^Fds, Rd, Gg^Efm, Gs^Fds, Gs^Fms, Gg, Ds, Wwt, Wwt, Wwt, Wwt, Wwrt, Wwrt, Wwrt, Wot, Wot, Wot, Wot, Wot, Wot, Wot, Wot
Wot, Wot, Wot, Wot, Wot, Wot, Wot, Wot, Wot, Wot, Wot, Wot, Wot, Wot, Wot, Wot, Wot, Wot, Wot, Wwt, Hd, Md, Md, Md, Md, Md, Md, Md, Hhd, Hhd, Md, Md, Md, Md, Md, Md, Md, Md, Uh, Hh^Fms, Gs^Fds, Hhd, Gs^Fms, Gs^Fms, Gs^Fds, Gs^Fds, Gs^Fms, Gs^Fms, Gs^Fms, Gs^Fms, Gs^Fms, Gs^Fds, Gg, Gg, Ds, Ds, Ds, Wwt, Wwt, Wwt, Wwt, Wwt, Wwrt, Wot, Wot, Wot, Wot, Wot, Wot, Wot, Wot, Wot
Wot, Wot, Wot, Wot, Wot, Wot, Wot, Wot, Wot, Wot, Wot, Wot, Wot, Wot, Wot, Wot, Wot, Wot, Wwt, Wwt, Hd, Md, Md, Md, Md, Md, Md, Hh^Fms, Hh^Fms, Hhd, Md, Md, Md, Md, Md, Hh^Fms, Hh^Fms, Hh^Fms, Hhd, Hh^Fms, Gs^Fms, Rd^Vo, Gs^Fds, Gs^Fms, Gs^Fms, Gs^Fds, Gs^Fds, Gs^Fms, Gs^Fms, Gs^Fds, Gs^Fms, Gs^Fds, Gg, Gg, Ds, Ds, Wwt, Wwt, Wwt, Wwt, Wwt, Wwt, Wot, Wot, Wot, Wot, Wot, Wot, Wot, Wot, Wot, Wot
Wot, Wot, Wot, Wot, Wot, Wot, Wot, Wot, Wot, Wot, Wot, Wot, Wot, Wot, Wot, Wot, Wwt, Wwt, Hd, Hd, Md, Md, Md, Md, Md, Md, Mm, Hhd, Hh^Fms, Hhd, Hh^Fms, Md, Md, Md, Md, Hh^Fms, Hhd, Hh^Fms, Hh^Fms, Hhd, Gs^Fms, Gs^Fms, Gs^Fms, Gs^Fms, Gs^Fms, Gs^Fms, Gs^Fms, Gs^Fms, Gs^Fms, Gs^Fms, Gs^Fds, Ds, Ds, Ds, Ds, Ds, Wwt, Wwt, Wwt, Wwt, Wwt, Wwt, Wot, Wot, Wot, Wot, Wot, Wot, Wot, Wot, Wot, Wot
Wot, Wot, Wot, Wot, Wot, Wot, Wot, Wot, Wot, Wot, Wot, Wot, Wot, Wot, Wot, Wwrt, Wwrt, Wwrt, Md, Md, Md, Md, Md, Md, Md, Uh, Hh^Fms, Hhd, Rd^Vo, Mm, Mm, Hh^Fms, Md, Md, Md, Md, Hhd, Hh^Fms, Ww, Hh^Fms, Gs^Fds, Gs^Fms, Gs^Fds, Gs^Fms, Gs^Fms, Gs^Fds, Gs^Fms, Gs^Fms, Gs^Fds, Gs^Fms, Ds, Ds, Wwt, Wwt, Wwt, Wwt, Wwt, Wwt, Wwt, Wwt, Wwt, Wot, Wot, Wot, Wot, Wot, Wot, Wot, Wot, Wot, Wot, Wot
Wot, Wot, Wot, Wot, Wot, Wot, Wot, Wot, Wot, Wot, Wot, Wot, Wot, Wot, Md, Md, Md, Md, Md, Md, Md, Md, Md, Md, Md, Hhd, Hh^Fms, Hh^Fms, Hhd, Hhd, Hh^Fms, Hh^Fms, Md, Md, Md, Md, Hh^Fms, Hh^Fms, Hh^Fms, Ww, Gs^Fds, Gs^Fms, Gs^Fds, Gs^Fms, Gs^Fds, Gs^Fms, Gs^Fms, Gs^Fms, Gs^Fds, Gs^Fds, Ds, Wwt, Wwt, Wwt, Wwt, Wwt, Wwrt, Wwt, Wwt, Wwt, Wwrt, Wwrt, Wot, Wot, Wot, Wot, Wot, Wot, Wot, Wot, Wot, Wot
Wot, Wot, Wot, Wot, Wot, Wot, Wot, Wot, Wot, Wot, Wot, Wot, Wot, Wot, Wwt, Md, Md, Md, Md, Md, Md, Md, Md, Md, Md, Md, Md, Hh^Fms, Hh^Fms, Hhd, Hh^Fms, Hh^Fms, Md, Md, Md, Hh^Fms, Hh^Fms, Gs^Fms, Gs^Fms, Ww, Gs^Fds, Gs^Fp, Gs^Fds, Gs^Fms, Gs^Fms, Gs^Fms, Rd^Vo, Gs^Fms, Gs^Fds, Gs^Fds, Ds, Wwt, Wwt, Wwt, Wwt, Wwrt, Wwrt, Wwrt, Wwrt, Wwrt, Wwrt, Wwrt, Wot, Wot, Wot, Wot, Wot, Wot, Wot, Wot, Wot, Wot
Wot, Wot, Wot, Wot, Wot, Wot, Wot, Wot, Wot, Wot, Wot, Wot, Wot, Wot, Wwrt, Wwt, Hd, Md, Md, Md, Md, Md, Md, Md, Md, Md, Md, Hh^Fms, Hh^Fms, Hhd, Hhd, Hhd, Hhd, Md, Md, Hh^Fms, Gs^Fds, Gs^Fms, Gs^Fms, Ww, Ww, Gg^Efm, Gg, Gs^Fms, Gs^Fms, Gs^Fds, Gs^Fms, Gs^Fds, Gs^Fms, Gs^Fp, Gg, Ds, Wwt, Wwt, Wwrt, Wwrt, Ww, Wwrt, Wot, Wot, Wot, Wot, Wot, Wot, Wot, Wot, Wot, Wot, Wot, Wot, Wot, Wot
Wot, Wot, Wot, Wot, Wot, Wot, Wot, Wot, Wot, Wot, Wot, Wot, Wwt, Wwrt, Md, Hd, Md, Md, Md, Md, Md, Md, Md, Md, Md, Md, Md, Md, Hh^Fms, Hhd, Hhd, Gs^Fms, Gs^Fms, Hh^Fms, Hh^Fms, Gs^Fds, Gs^Fms, Gs^Fms, Gs^Fms, Gs^Fds, Gs^Fds, Ww, Gs^Fds, Gs^Fms, Gs^Fds, Gs^Fds, Gs^Fds, Gs^Fds, Gs^Fds, Gg, Gg, Ds, Wwt, Wwt, Wwrt, Wwrt, Wwrt, Wot, Wot, Wot, Wot, Wot, Wot, Wot, Wot, Wot, Wot, Wot, Wot, Wot, Wot, Wot
Wot, Wot, Wot, Wot, Wot, Wot, Wot, Wot, Wot, Wot, Wot, Wwt, Md, Md, Md, Md, Md, Md, Md, Md, Md, Hh^Fms, Hhd, Md, Md, Md, Md, Md, Md, Hhd, Hh^Fms, Gs^Fms, Gs^Fds, Gs^Fp, Gs^Fds, Rd^Vo, Gs^Fds, Gs^Fms, Gs^Fds, Gs^Fms, Gs^Fms, Ww, Ww, Gs^Fms, Gs^Fds, Gs^Fds, Gs^Fms, Gs^Fds, Gg, Gg, Ds, Ds, Wwt, Wwt, Wwt, Wwrt, Wot, Wot, Wot, Wot, Wot, Wot, Wot, Wot, Wot, Wot, Wot, Wot, Wot, Wot, Wot, Wot
Wot, Wot, Wot, Wot, Wot, Wot, Wot, Wot, Wot, Wot, Wot, Wwt, Uu, Md, Md, Md, Md, Md, Md, Md, Md, Hh^Fms, Hh^Fms, Hhd, Hh^Fms, Md, Md, Md, Md, Hh^Fms, Hh^Fms, Gs^Fms, Gs^Fms, Gs^Fms, Gs^Fds, Gs^Fds, Gs^Fds, Gs^Fds, Gs^Fms, Gs^Fp, Gs^Fms, Gs^Fp, Ww, Gs^Fds, Gs^Fds, Gs^Fms, Gs^Fms, Gg, Gs^Fms, Ds, Wwt, Wwt, Wwt, Wwt, Wwt, Wwrt, Wwrt, Wot, Wot, Wot, Wot, Wot, Wot, Wot, Wot, Wot, Wot, Wot, Wot, Wot, Wot, Wot
Wot, Wot, Wot, Wot, Wot, Wot, Wot, Wot, Wot, Wot, Wot, Wwt, Wwt, Uh, Md, Md, Md, Md, Md, Md, Md, Md, Hh^Fms, Hhd, Hh^Fms, Md, Md, Md, Md, Md, Hh^Fms, Gs^Fds, Gs^Fms, Gs^Fds, Gs^Fds, Gs^Fds, Gs^Fds, Gs^Fds, Gs^Fms, Gs^Fms, Gs^Fms, Gs^Fds, Ww, Gs^Fms, Gs^Fds, Ss, Gs^Fms, Gs^Fms, Gg, Ds, Wwt, Wwt, Wwt, Wwt, Wwt, Wwrt, Wot, Wot, Wot, Wot, Wot, Wot, Wot, Wot, Wot, Wot, Wot, Wot, Wot, Wot, Wot, Wot
Wot, Wot, Wot, Wot, Wot, Wot, Wot, Wot, Wot, Wot, Wot, Wot, Wwt, Uh, Uu, Md, Md, Md, Md, Md, Uh, Md, Md, Hh^Fms, Hh^Fms, Hhd, Hhd, Md, Md, Md, Hh^Fms, Gs^Fds, Gs^Fms, Gs^Fds, Gs^Fds, Gs^Fms, Gs^Fms, Gs^Fds, Ss, Gs^Fms, Gs^Fms, Ww, Gs^Fds, Gs^Fms, Gs^Fms, Ss, Gs^Fms, Gs^Fms, Ds, Ds, Wwt, Wwt, Wwt, Wwt, Wwt, Wot, Wot, Wot, Wot, Wot, Wot, Wot, Wot, Wot, Wot, Wot, Wot, Wot, Wot, Wot, Wot, Wot
Wot, Wot, Wot, Wot, Wot, Wot, Wot, Wot, Wot, Wot, Wot, Wot, Wwrt, Wwt, Md, Uu, Md, Md, Md, Md, Uh, Md, Md, Hhd, Hh^Fms, Hh^Fms, Hh^Fms, Hh^Fms, Gs^Fms, Md, Gs^Fp, Gs^Fms, Gs^Fms, Gs^Fds, Gs^Fp, Gs^Fms, Gs^Fds, Gs^Fms, Gs^Fp, Gs^Fms, Ww, Ww, Gs^Fms, Gs^Fms, Gs^Fms, Gs^Fds, Rd^Vo, Gs^Fds, Ds, Ds, Ds, Wwt, Wwt, Wwt, Wwt, Wwrt, Wwrt, Wot, Wot, Wot, Wot, Wot, Wot, Wot, Wot, Wot, Wot, Wot, Wot, Wot, Wot, Wot
Wot, Wot, Wot, Wot, Wot, Wot, Wot, Wot, Wot, Wot, Wot, Wwrt, Md, Md, Uh, Uh, Uh, Uh, Uh, Md, Uu, Uu, Uu, Hhd, Hh^Fms, Rd^Vo, Hh^Fms, Gs^Fms, Gs^Fds, Gs^Fms, Gs^Fms, Gs^Fms, Gs^Fms, Gs^Fms, Gs^Fms, Gs^Fds, Gs^Fms, Gs^Fds, Gs^Fds, Gs^Fds, Ww, Gg, Gs^Fms, Gs^Fds, Gs^Fds, Gs^Fds, Gs^Fds, Gs^Fms, Gs^Fp, Gs^Fds, Ds, Wwt, Wwt, Wwt, Wwt, Wwt, Wwrt, Wot, Wot, Wot, Wot, Wot, Wot, Wot, Wot, Wot, Wot, Wot, Wot, Wot, Wot, Wot
Wot, Wot, Wot, Wot, Wot, Wot, Wot, Wot, Wot, Wot, Wwrt, Wwrt, Md, Md, Md, Uh, Ql, Ql, Ql, Uu, Md, Md, Uh, Md, Hh^Fms, Hh^Fms, Hh^Fms, Gs^Fds, Gs^Fds, Gs^Fds, Gs^Fms, Gs^Fms, Gs^Fms, Gs^Fms, Gs^Fms, Rd^Vo, Gs^Fms, Gs^Fms, Gs^Fds, Gs^Fds, Ww, Gs^Fms, Gs^Fds, Gs^Fp, Gs^Fms, Gs^Fds, Gs^Fms, Gs^Fms, Gs^Fds, Gs^Fms, Gs^Fds, Ds, Wwt, Wwt, Wwt, Wwt, Wwt, Wwrt, Wwrt, Wot, Wot, Wot, Wot, Wot, Wot, Wot, Wot, Wot, Wot, Wot, Wot, Wot
Wot, Wot, Wot, Wot, Wot, Wot, Wot, Wot, Wot, Wot, Md, Md, Md, Md, Uh, Uu, Uh, Ql, Uh, Uh, Md, Md, Md, Md, Hh^Fds, Hh^Fms, Gs^Fms, Gs^Fp, Ww, Gs^Fms, Gs^Fms, Gs^Fds, Gs^Fms, Gs^Fds, Gs^Fms, Gs^Fms, Gs^Fds, Gs^Fms, Gs^Fds, Gg, Gg, Ww, Ss, Gs^Fms, Gs^Fds, Gs^Fds, Gs^Fds, Gs^Fp, Gs^Fds, Gs^Fds, Gs^Fds, Ds, Wwt, Wwt, Wwt, Wwt, Wwt, Wwrt, Wwt, Wwrt, Wot, Wot, Wot, Wot, Wot, Wot, Wot, Wot, Wot, Wot, Wot, Wot
Wot, Wot, Wot, Wot, Wot, Wot, Wot, Wot, Wot, Wot, Md, Md, Md, Md, Uh, Md, Uh, Uh, Md, Md, Md, Md, Md, Md, Md, Hhd, Gs^Fms, Gs^Fms, Gs^Fds, Ww, Ww, Gs^Fds, Gs^Fds, Gs^Fds, Gs^Fms, Gs^Fds, Gs^Fms, Gs^Fds, Gs^Fms, Gs^Fds, Ss, Ww, Ww, Gs^Fms, Gs^Fp, Gs^Fds, Gs^Fms, Ss, Gs^Ft, Gs^Ft, Gs^Ft, Ds, Ds, Wwt, Ds, Wwt, Wwt, Wwt, Wwt, Wwrt, Wwrt, Wot, Wot, Wot, Wot, Wot, Wot, Wot, Wot, Wot, Wot, Wot
Wot, Wot, Wot, Wot, Wot, Wot, Wot, Wot, Wot, Wot, Wot, Md, Md, Md, Md, Md, Md, Uu, Md, Md, Md, Md, Md, Md, Md, Hhd, Hh^Fms, Gs^Fms, Gs^Fds, Gs^Fds, Gs^Fds, Ww, Ww, Gs^Fms, Gs^Fms, Gs^Fms, Ss, Gs^Fms, Gs^Fds, Gs^Fds, Gs^Fms, Ss, Ww, Gs^Fds, Gs^Fms, Gs^Fms, Gs^Fms, Ss, Gs^Fms, Gs^Ft, Gs^Ft, Gs^Ft, Gs^Ft, Ds, Gs^Ft, Ds, Ds, Wwt, Wwt, Wwrt, Wwrt, Wot, Wot, Wot, Wot, Wot, Wot, Wot, Wot, Wot, Wot, Wot
Wot, Wot, Wot, Wot, Wot, Wot, Wot, Wot, Wot, Wot, Wot, Md, Md, Md, Md, Md, Md, Uu, Uu, Md, Uh, Uu, Uu, Md, Md, Md, Hhd, Gs^Fds, Gs^Fms, Gs^Fms, Gs^Fds, Gg, Gg, Ww, Ww, Ww, Ww, Ss, Ww, Gs^Fds, Gs^Fms, Gs^Fms, Ww, Gs^Fp, Gs^Fds, Gs^Fds, Gs^Fms, Gs^Fds, Gs^Fds, Gs^Fms, Gs^Ft, Gs^Ft, Gs^Ft, Gs^Ft, Gs^Ft, Gs^Ft, Ds, Wwt, Wwt, Wwt, Wwt, Wot, Wot, Wot, Wot, Wot, Wot, Wot, Wot, Wot, Wot, Wot
Wot, Wot, Wot, Wot, Wot, Wot, Wot, Wot, Wot, Wot, Wwrt, Wwrt, Md, Md, Md, Md, Md, Uh, Md, Uh, Uh, Uh, Uh, Uh, Hh^Fms, Md, Hh^Fms, Hh^Fms, Gs^Fms, Gs^Fms, Gs^Fds, Gs^Fms, Gs^Fds, Gs^Fds, Gs^Fp, Gs^Fds, Gs^Fds, Ww, Gs^Fp, Ww, Ww, Gs^Fms, Gs^Fds, Ww, Gs^Fms, Gs^Fds, Gs^Fms, Gs^Ft, Gs^Ft, Gs^Ft, Gs^Ft, Gs^Ft, Gs^Ft, Gs^Ft, Gs^Ft, Gs^Ft, Ds, Wwt, Wwt, Wwt, Wwt, Wot, Wwrt, Wot, Wot, Wot, Wot, Wot, Wot, Wot, Wot, Wot
Wot, Wot, Wot, Wot, Wot, Wot, Wot, Wot, Wot, Wot, Wwrt, Wwrt, Wwt, Md, Wwt, Wwt, Md, Md, Md, Md, Hhd, Hhd, Hhd, Hhd, Hh^Fms, Hh^Fms, Hh^Fms, Hh^Fms, Hhd, Gs^Fds, Gs^Fds, Gs^Fds, Gs^Fds, Gs^Fds, Gs^Fds, Gs^Fms, Gs^Fms, Gs^Fds, Gs^Fds, Ss, Gs^Fds, Ww, Ww, Ww, Ww, Gs^Fms, Ww, Gs^Fds, Gs^Ft, Gs^Ft, Gs^Ft, Gs^Ft, Gs^Ft, Gs^Ft, Gs^Ft, Gs^Ft, Ds, Wwt, Wwt, Wwt, Wwt, Wwt, Wwrt, Wot, Wot, Wot, Wot, Wot, Wot, Wot, Wot, Wot
Wot, Wot, Wot, Wot, Wot, Wot, Wot, Wot, Wot, Wot, Wwrt, Wwt, Wwt, Wwt, Wwt, Md, Md, Md, Md, Md, Hhd, Hh^Fms, Gs^Fds, Hhd, Hh^Fms, Hh^Fms, Hh^Fms, Gs^Fms, Hh^Fms, Gs^Fds, Gs^Fds, Gs^Fds, Gs^Fds, Gs^Fds, Gs^Fds, Gs^Fms, Gs^Fp, Gs^Fds, Gs^Fms, Gs^Fms, Gs^Fds, Gg^Es, Gs^Fds, Gs^Fms, Gs^Fp, Ww, Gs^Fms, Ww, Ww, Ss, Ww, Gs^Ft, Gs^Ft, Gs^Ft, Gs^Ft, Gs^Ft, Gs^Ft, Ds, Wwt, Wwrt, Wwt, Wwt, Wwrt, Wot, Wot, Wot, Wot, Wot, Wot, Wot, Wot, Wot
Wot, Wot, Wot, Wot, Wot, Wot, Wot, Wot, Wot, Wot, Wot, Wwt, Wwt, Wwt, Wwt, Md, Md, Md, Md, Md, Md, Hhd, Hh^Fms, Gs^Fds, Gs^Fds, Hh^Fms, Gs^Fds, Gs^Fms, Gs^Fds, Gs^Fds, Gs^Fp, Gs^Fp, Gs^Fms, Gg, Gs^Fds, Gs^Fds, Gs^Fds, Gs^Fds, Gs^Fms, Gs^Fds, Gs^Fms, Gs^Fms, Gs^Fds, Gs^Fms, Gs^Fms, Gs^Fds, Gs^Fms, Gs^Fds, Gs^Fds, Ww, Gs^Ft, Ww, Ww, Ss^Efm, Ss^Efm, Gs^Ft, Ss^Efm, Ss, Wwt, Wwrt, Wwrt, Wwrt, Wwrt, Wwrt, Wot, Wot, Wot, Wot, Wot, Wot, Wot, Wot
Wot, Wot, Wot, Wot, Wot, Wot, Wot, Wot, Wot, Wot, Wot, Wot, Wwt, Wwrt, Md, Md, Md, Md, Md, Md, Md, Hhd, Hh^Fms, Gs^Fms, Gs^Fds, Gs^Fms, Gs^Fms, Gs^Fp, Gs^Fms, Gg, Gg, Gs^Fms, Gs^Fms, Gg, Gs, Gs^Fds, Gs^Fds, Gs^Fms, Gs^Fms, Gs^Fds, Gs^Fms, Gs^Fds, Gs^Fms, Gs^Fds, Gs^Fds, Ss^Efm, Ss, Gs^Fds, Gs^Fp, Ss, Gs^Ft, Gs^Ft, Ss^Efm, Ww, Ww, Ww, Ww, Ss, Wwt, Wwt, Wwt, Wwrt, Wwrt, Wot, Wot, Wot, Wot, Wot, Wot, Wot, Wot, Wot
Wot, Wot, Wot, Wot, Wot, Wot, Wot, Wot, Wot, Wot, Wot, Wot, Wwrt, Wwrt, Md, Md, Md, Md, Md, Md, Uh, Hh^Fms, Hh^Fms, Hh^Fms, Gs^Fp, Gs^Fms, Gs^Fms, Gs^Fds, Gs^Fms, Gs^Fms, Gs^Fms, Gg, Gg, Gg, Gs^Fds, Gd, Gg, Rd^Vo, Gs^Fds, Gs^Fms, Gs^Fp, Gs^Fds, Gs^Fms, Gs^Fms, Gs^Fds, Gs^Fms, Gs^Fms, Gs^Ft, Gs^Ft, Gs^Ft, Gs^Ft, Gs^Ft, Gs^Ft, Ss, Ss^Efm, Ss, Ss, Wwt, Wwt, Wwt, Wwt, Wwrt, Wot, Wot, Wot, Wot, Wot, Wot, Wot, Wot, Wot, Wot
Wot, Wot, Wot, Wot, Wot, Wot, Wot, Wot, Wot, Wot, Wot, Wot, Wwrt, Wwrt, Md, Md, Md, Md, Md, Md, Uh, Md, Uh, Hhd, Hh^Fms, Gs^Fms, Gs^Fms, Gs^Fms, Rd^Vo, Gs^Fms, Gs^Fds, Gs^Fms, Gg, Gd^Es, Gd, Gg, Gg, Gs^Fms, Gg, Gs^Fms, Gs^Fds, Gs^Fds, Gg, Gs^Fds, Gs^Fds, Gs^Fds, Gs^Ft, Gs^Fds, Gs^Fds, Gs^Ft, Gs^Ft, Ss, Gs^Ft, Gs^Ft, Ss^Efm, Ss^Efm, Ss, Wwt, Wwt, Wwt, Wwt, Wwrt, Wot, Wot, Wot, Wot, Wot, Wot, Wot, Wot, Wot, Wot
Wot, Wot, Wot, Wot, Wot, Wot, Wot, Wot, Wot, Wot, Wot, Wot, Wwt, Wwt, Wwt, Md, Md, Md, Md, Md, Md, Md, Uh, Hhd, Hh^Fms, Gs^Fms, Gs^Fds, Gs^Fds, Gs^Fms, Gs^Fms, Gs^Fds, Gg, Gg, Gg^Es, Gs, Gd, Gd, Gs, Gs^Fds, Gg, Gg^Es, Gs^Fds, Gg, Gg, Gs^Fds, Gs^Fms, Ss, Gs^Fms, Gs^Fms, Gs^Ft, Gs^Ft, Gs^Ft, Gs^Ft, Gs^Ft, Gs^Ft, Ss, Wwt, Wwt, Wwt, Wwt, Wwrt, Wot, Wot, Wot, Wot, Wot, Wot, Wot, Wot, Wot, Wot, Wot
Wot, Wot, Wot, Wot, Wot, Wot, Wot, Wot, Wot, Wot, Wot, Wot, Wwrt, Wwt, Wwt, Md, Md, Uh, Md, Mv, Md, Uh, Md, Hh^Fms, Md, Hh^Fms, Hh^Fms, Gs^Fms, Gs^Fms, Gg, Gg, Gs^Fms, Gg, Gs, Gd, Gd, Gs^Fds, Gd, Gd, Gg, Gg, Gs^Fds, Gs^Fds, Gs^Fds, Gs^Fms, Gs^Fds, Gs^Fms, Gs^Fds, Gs^Ft, Gs^Fms, Gs^Ft, Gs^Ft, Gs^Ft, Gs^Ft, Gs^Ft, Ds, Wwt, Wwt, Wwt, Wwt, Wwrt, Wot, Wot, Wot, Wot, Wot, Wot, Wot, Wot, Wot, Wot, Wot
Wot, Wot, Wot, Wot, Wot, Wot, Wot, Wot, Wot, Wot, Wot, Wot, Wwrt, Wwt, Md, Md, Md, Uh, Uh, Md, Md, Uh, Md, Md, Md, Md, Hhd, Hh^Fms, Gs^Fp, Gg, Gg, Gd, Gg, Gs^Fds, Gd, Gg, Gs^Fds, Gs^Fds, Gg, Gg, Gs^Fds, Gg, Gs^Fds, Gs^Fds, Gs^Fds, Ww, Gs^Fms, Gs^Fms, Ss^Efm, Gs^Fds, Gs^Ft, Gs^Ft, Gs^Ft, Gs^Ft, Gs^Ft, Ds, Wwt, Wwt, Wwt, Wwt, Wwrt, Wot, Wot, Wot, Wot, Wot, Wot, Wot, Wot, Wot, Wot, Wot
Wot, Wot, Wot, Wot, Wot, Wot, Wot, Wot, Wot, Wot, Wot, Wwrt, Wwrt, Wwt, Md, Md, Md, Mv, Uh, Md, Md, Md, Md, Uh, Uh, Uu, Md, Hhd, Hh^Fms, Gs^Fds, Gs^Fds, Gg, Gs^Fms, Gg, Gg, Gg, Gg, Gg, Gg, Gg, Gg, Gg, Gg, Gs^Fms, Gs^Fms, Ww, Ww, Ss, Ww, Gs^Fds, Gs^Fds, Gs^Fms, Gs^Ft, Gs^Ft, Ds, Ds, Wwt, Wwt, Wwt, Wwt, Wwrt, Wwrt, Wot, Wot, Wot, Wot, Wot, Wot, Wot, Wot, Wot, Wot
Wot, Wot, Wot, Wot, Wot, Wot, Wot, Wot, Wot, Wot, Wwrt, Wwrt, Wwrt, Wwt, Md, Md, Md, Md, Md, Md, Uu, Md, Hh^Fms, Md, Hhd, Hh^Fms, Hh^Fms, Hh^Fms, Hh^Fms, Hh^Fms, Gs^Fms, Gg, Gs^Fds, Gs^Fms, Gs^Fp, Gs^Fds, Gs^Fms, Gs^Fds, Gs^Fds, Gs^Fms, Gs^Fms, Gs^Fms, Gs^Fms, Gs^Fds, Gs^Fms, Gs^Fms, Ww, Ww^Ewf, Ww, Gs^Fds, Ss, Gs^Fp, Gs^Fms, Gs^Fms, Ds, Wwt, Wwt, Wwt, Wwt, Wwrt, Wot, Wot, Wot, Wot, Wot, Wot, Wot, Wot, Wot, Wot, Wot, Wot
Wot, Wot, Wot, Wot, Wot, Wot, Wot, Wot, Wot, Wot, Wot, Wwrt, Wwrt, Wwrt, Md, Md, Md, Md, Md, Uh, Uu, Mv, Hh^Fms, Hhd, Hh^Fms, Rd^Vo, Hh^Fms, Hhd, Gs^Fms, Gs^Fds, Gs^Fds, Rd^Vo, Gs^Fms, Gs^Fms, Gs^Fms, Gs^Fds, Ww, Gs^Fds, Ww, Gs^Fds, Gs^Fms, Gs^Fds, Gs^Fds, Gs^Fds, Gs^Fms, Ww, Ss, Gs^Fds, Gs^Fms, Gs^Fms, Gs^Fms, Gs^Ft, Gs^Fp, Ds, Wwt, Wwt, Wwt, Wwt, Wwrt, Wwrt, Wwrt, Wot, Wot, Wot, Wot, Wot, Wot, Wot, Wot, Wot, Wot, Wot
Wot, Wot, Wot, Wot, Wot, Wot, Wot, Wot, Wot, Wot, Wot, Wot, Wwrt, Wwrt, Md, Md, Md, Md, Mv, Md, Hhd, Hhd, Hhd, Hh^Fms, Hh^Fms, Hh^Fms, Hhd, Gs^Fms, Gs^Fms, Gs^Fms, Gs^Fds, Gs^Fds, Gs^Fds, Gg, Gs^Fms, Gs^Fds, Gs^Fms, Ww, Gs^Fds, Ww, Ww, Gs^Fds, Gs^Fds, Rd^Vo, Gs^Fp, Gs^Fms, Gs^Fms, Gs^Fms, Gs^Fms, Gg, Hd, Gs^Fms, Ds, Ds, Wwt, Wwt, Wwt, Wwt, Wwrt, Wot, Wot, Wot, Wot, Wot, Wot, Wot, Wot, Wot, Wot, Wot, Wot, Wot
Wot, Wot, Wot, Wot, Wot, Wot, Wot, Wot, Wot, Wot, Wot, Wot, Wwrt, Wwt, Wwt, Wwt, Md, Md, Md, Md, Mv, Hhd, Md, Md, Mv, Uh, Md, Md, Md, Hh^Fms, Gs^Fds, Gg, Gs^Fds, Gg, Gg, Gg, Gs^Fp, Gs^Fms, Gs^Fms, Gs^Fds, Ww, Gs^Fds, Gs^Fds, Gs^Fds, Gs^Fp, Gs^Fms, Gs^Fms, Gs^Fms, Gs^Fms, Hd, Ds, Ds, Wwt, Wwt, Wwt, Wwt, Wwt, Wot, Wot, Wot, Wot, Wot, Wot, Wot, Wot, Wot, Wot, Wot, Wot, Wot, Wot, Wot
Wot, Wot, Wot, Wot, Wot, Wot, Wot, Wot, Wot, Wot, Wot, Wot, Wot, Wwt, Wwt, Wwt, Md, Md, Md, Uh, Uu, Uh, Md, Md, Md, Md, Md, Md, Md, Hh^Fms, Hh^Fms, Hh^Fms, Gg, Gg, Gg, Gs^Fds, Gs^Fds, Gg, Gg, Gs^Fds, Gs^Fms, Ww, Ww, Ww, Ww, Gs^Fms, Gs^Fds, Gs^Fds, Ds, Ds, Wwt, Wwt, Wwrt, Wwt, Wwt, Wwt, Wwrt, Wot, Wot, Wot, Wot, Wot, Wot, Wot, Wot, Wot, Wot, Wot, Wot, Wot, Wot, Wot
Wot, Wot, Wot, Wot, Wot, Wot, Wot, Wot, Wot, Wot, Wot, Wot, Wot, Wot, Wwt, Md, Md, Md, Md, Uu, Uh, Md, Md, Md, Md, Md, Md, Md, Md, Md, Hh^Fms, Hh^Fms, Hh^Fms, Gs^Fms, Gs^Fms, Gs^Fms, Gs^Fp, Gg^Es, Gg, Gg, Gs^Fds, Gs^Fp, Gs^Fms, Gs^Fds, Ww, Gs^Fms, Gs^Fms, Ds, Wwt, Wwt, Wwt, Wwt, Wwrt, Wwrt, Wwt, Wwt, Wwrt, Wot, Wot, Wot, Wot, Wot, Wot, Wot, Wot, Wot, Wot, Wot, Wot, Wot, Wot, Wot
Wot, Wot, Wot, Wot, Wot, Wot, Wot, Wot, Wot, Wot, Wot, Wot, Wot, Wot, Wwrt, Md, Md, Md, Uh, Md, Mv, Uh, Md, Md, Wwrt, Md, Md, Md, Md, Md, Md, Hh^Fms, Hhd, Gs^Fms, Gs^Fp, Rd^Vo, Gs^Fds, Gg, Hh^Fms, Gg, Gs^Fms, Gs^Fds, Gs^Fds, Gs^Fds, Ww, Gs^Fds, Ds, Ds, Wwt, Wwt, Wwt, Wwt, Wwrt, Wwrt, Wwrt, Wwrt, Wot, Wot, Wot, Wot, Wot, Wot, Wot, Wot, Wot, Wot, Wot, Wot, Wot, Wot, Wot, Wot
Wot, Wot, Wot, Wot, Wot, Wot, Wot, Wot, Wot, Wot, Wot, Wot, Wot, Wot, Wwrt, Md, Md, Md, Uh, Md, Md, Md, Md, Md, Wwrt, Wwrt, Wwrt, Wwrt, Md, Md, Md, Md, Md, Hhd, Hh^Fms, Gs^Fms, Hh^Fms, Gs^Fms, Hh^Fms, Gg, Gg, Gg, Ds, Ds, Wwt, Ds, Wwt, Wwt, Wwt, Wwt, Wwt, Wwt, Wwrt, Wwrt, Wwrt, Wwrt, Wot, Wot, Wot, Wot, Wot, Wot, Wot, Wot, Wot, Wot, Wot, Wot, Wot, Wot, Wot, Wot
Wot, Wot, Wot, Wot, Wot, Wot, Wot, Wot, Wot, Wot, Wot, Wot, Wot, Wot, Wwrt, Md, Md, Md, Md, Uu, Md, Md, Md, Wwrt, Wwrt, Wwrt, Wwrt, Wwrt, Wwrt, Md, Md, Md, Gs^Fds, Gs^Fds, Gs^Fms, Gs^Fp, Gs^Fds, Hh^Fms, Hd, Hd, Ds, Ds, Wwt, Wwt, Wwt, Wwt, Wwt, Wwt, Wwt, Wwt, Wwrt, Wwrt, Wot, Wot, Wot, Wot, Wot, Wot, Wot, Wot, Wot, Wot, Wot, Wot, Wot, Wot, Wot, Wot, Wot, Wot, Wot, Wot
Wot, Wot, Wot, Wot, Wot, Wot, Wot, Wot, Wot, Wot, Wot, Wot, Wot, Wwrt, Wwrt, Md, Md, Md, Md, Uu, Md, Md, Md, Wwrt, Wwrt, Wwrt, Wwrt, Wwrt, Md, Md, Md, Hh, Gs^Fp, Rd^Vo, Gs^Fds, Gs^Fms, Hh^Fms, Hd, Ds, Ds, Wwt, Wwt, Wwt, Wwt, Wwt, Wwt, Wwt, Wwt, Wot, Wot, Wot, Wot, Wot, Wot, Wot, Wot, Wot, Wot, Wot, Wot, Wot, Wot, Wot, Wot, Wot, Wot, Wot, Wot, Wot, Wot, Wot, Wot
Wot, Wot, Wot, Wot, Wot, Wot, Wot, Wot, Wot, Wot, Wot, Wot, Wot, Wwrt, Wot, Wwt, Md, Md, Md, Md, Md, Md, Md, Md, Md, Wwrt, Wwrt, Wwrt, Md, Md, Gs^Fms, Gs^Fms, Ds, Ds, Ds, Ds, Mm, Mm, Mm, Wwt, Wwt, Wwt, Wwt, Wwt, Wwrt, Wwrt, Wwrt, Wwrt, Wot, Wot, Wot, Wot, Wot, Wot, Wot, Wot, Wot, Wot, Wot, Wot, Wot, Wot, Wot, Wot, Wot, Wot, Wot, Wot, Wot, Wot, Wot, Wot
Wot, Wot, Wot, Wot, Wot, Wot, Wot, Wot, Wot, Wot, Wot, Wot, Wot, Wot, Wot, Wwt, Wwt, Md, Md, Md, Md, Md, Md, Md, Md, Wwrt, Wwrt, Wwrt, Md, Md, Gs^Fds, Gs^Fds, Ds, Wwt, Wwt, Wwt, Wwt, Mm, Wwrt, Wwrt, Wwt, Wwt, Wwrt, Wwrt, Wot, Wwrt, Wot, Wot, Wot, Wot, Wot, Wot, Wot, Wot, Wot, Wot, Wot, Wot, Wot, Wot, Wot, Wot, Wot, Wot, Wot, Wot, Wot, Wot, Wot, Wot, Wot, Wot
Wot, Wot, Wot, Wot, Wot, Wot, Wot, Wot, Wot, Wot, Wot, Wot, Wot, Wot, Wot, Wot, Wot, Wwt, Wwt, Wwrt, Md, Md, Md, Md, Md, Wwrt, Wwrt, Wwrt, Wwrt, Md, Md, Ds, Wwt, Wwt, Wwt, Wwt, Wwt, Wwt, Wwt, Wwt, Wwt, Wwrt, Wot, Wot, Wot, Wot, Wot, Wot, Wot, Wot, Wot, Wot, Wot, Wot, Wot, Wot, Wot, Wot, Wot, Wot, Wot, Wot, Wot, Wot, Wot, Wot, Wot, Wot, Wot, Wot, Wot, Wot
Wot, Wot, Wot, Wot, Wot, Wot, Wot, Wot, Wot, Wot, Wot, Wot, Wot, Wot, Wot, Wot, Wot, Wot, Wot, Wwrt, Wwrt, Md, Md, Md, Md, Md, Md, Wwrt, Wwrt, Wwrt, Wwrt, Wwt, Wwt, Wwt, Wwt, Wwt, Wwt, Wwt, Wwt, Wwrt, Wot, Wwrt, Wot, Wot, Wot, Wot, Wot, Wot, Wot, Wot, Wot, Wot, Wot, Wot, Wot, Wot, Wot, Wot, Wot, Wot, Wot, Wot, Wot, Wot, Wot, Wot, Wot, Wot, Wot, Wot, Wot, Wot
Wot, Wot, Wot, Wot, Wot, Wot, Wot, Wot, Wot, Wot, Wot, Wot, Wot, Wot, Wot, Wot, Wot, Wot, Wot, Wot, Wwrt, Wwt, Md, Md, Md, Md, Md, Hd, Hd, Wwrt, Wwrt, Wwt, Wwt, Wwt, Wwt, Wwt, Wwt, Wwt, Wwt, Wot, Wot, Wwrt, Wot, Wot, Wot, Wot, Wot, Wot, Wot, Wot, Wot, Wot, Wot, Wot, Wot, Wot, Wot, Wot, Wot, Wot, Wot, Wot, Wot, Wot, Wot, Wot, Wot, Wot, Wot, Wot, Wot, Wot
Wot, Wot, Wot, Wot, Wot, Wot, Wot, Wot, Wot, Wot, Wot, Wot, Wot, Wot, Wot, Wot, Wot, Wot, Wot, Wot, Wot, Wwt, Md, Md, Md, Md, Md, Md, Md, Hd, Wwrt, Wwrt, Wwrt, Wwt, Wwrt, Wwt, Wwt, Wwt, Wwrt, Wwrt, Wot, Wot, Wot, Wot, Wot, Wot, Wot, Wot, Wot, Wot, Wot, Wot, Wot, Wot, Wot, Wot, Wot, Wot, Wot, Wot, Wot, Wot, Wot, Wot, Wot, Wot, Wot, Wot, Wot, Wot, Wot, Wot
Wot, Wot, Wot, Wot, Wot, Wot, Wot, Wot, Wot, Wot, Wot, Wot, Wot, Wot, Wot, Wot, Wot, Wot, Wot, Wot, Wot, Wwt, Wwt, Md, Md, Md, Md, Md, Md, Md, Md, Wwrt, Wwrt, Wwrt, Wwt, Wwt, Wwt, Wwt, Wwrt, Wwrt, Wot, Wot, Wot, Wot, Wot, Wot, Wot, Wot, Wot, Wot, Wot, Wot, Wot, Wot, Wot, Wot, Wot, Wot, Wot, Wot, Wot, Wot, Wot, Wot, Wot, Wot, Wot, Wot, Wot, Wot, Wot, Wot
Wot, Wot, Wot, Wot, Wot, Wot, Wot, Wot, Wot, Wot, Wot, Wot, Wot, Wot, Wot, Wot, Wot, Wot, Wot, Wot, Wot, Wot, Wot, Wwt, Wwt, Wwrt, Wwrt, Md, Wwt, Md, Wwrt, Md, Wwrt, Wwrt, Wwrt, Wwrt, Wwrt, Wwrt, Wot, Wot, Wot, Wot, Wot, Wot, Wot, Wot, Wot, Wot, Wot, Wot, Wot, Wot, Wot, Wot, Wot, Wot, Wot, Wot, Wot, Wot, Wot, Wot, Wot, Wot, Wot, Wot, Wot, Wot, Wot, Wot, Wot, Wot
Wot, Wot, Wot, Wot, Wot, Wot, Wot, Wot, Wot, Wot, Wot, Wot, Wot, Wot, Wot, Wot, Wot, Wot, Wot, Wot, Wot, Wot, Wot, Wot, Wot, Wot, Wot, Wwt, Wot, Wwt, Wot, Wwt, Wot, Wwt, Wot, Wwt, Wwrt, Wot, Wot, Wot, Wot, Wot, Wot, Wot, Wot, Wot, Wot, Wot, Wot, Wot, Wot, Wot, Wot, Wot, Wot, Wot, Wot, Wot, Wot, Wot, Wot, Wot, Wot, Wot, Wot, Wot, Wot, Wot, Wot, Wot, Wot, Wot
Wot, Wot, Wot, Wot, Wot, Wot, Wot, Wot, Wot, Wot, Wot, Wot, Wot, Wot, Wot, Wot, Wot, Wot, Wot, Wot, Wot, Wot, Wot, Wot, Wot, Wot, Wot, Wot, Wot, Wot, Wot, Wot, Wot, Wot, Wot, Wot, Wot, Wot, Wot, Wot, Wot, Wot, Wot, Wot, Wot, Wot, Wot, Wot, Wot, Wot, Wot, Wot, Wot, Wot, Wot, Wot, Wot, Wot, Wot, Wot, Wot, Wot, Wot, Wot, Wot, Wot, Wot, Wot, Wot, Wot, Wot, Wot
Wot, Wot, Wot, Wot, 1 Wot, Wot, Wot, Wot, Wot, Wot, Wot, Wot, Wot, Wot, Wot, Wot, Wot, Wot, Wot, Wot, Wot, Wot, Wot, Wot, Wot, Wot, Wot, Wot, Wot, Wot, Wot, Wot, Wot, Wot, Wot, Wot, Wot, Wot, Wot, Wot, Wot, Wot, Wot, Wot, Wot, Wot, Wot, Wot, Wot, Wot, Wot, Wot, Wot, Wot, Wot, Wot, Wot, Wot, Wot, Wot, Wot, Wot, Wot, Wot, Wot, Wot, Wot, Wot, Wot, Wot, Wot, Wot
Wot, Wot, Wot, Wot, Wot, 2 Wot, Wot, Wot, Wot, Wot, Wot, Wot, Wot, Wot, Wot, Wot, Wot, Wot, Wot, Wot, Wot, Wot, Wot, Wot, Wot, Wot, Wot, Wot, Wot, Wot, Wot, Wot, Wot, Wot, Wot, Wot, Wot, Wot, Wot, Wot, Wot, Wot, Wot, Wot, Wot, Wot, Wot, Wot, Wot, Wot, Wot, Wot, Wot, Wot, Wot, Wot, Wot, Wot, Wot, Wot, Wot, Wot, Wot, Wot, Wot, Wot, Wot, Wot, Wot, Wot, Wot, Wot
Wot, Wot, Wot, Wot, Wot, Wot, Wot, Wot, Wot, Wot, Wot, Wot, Wot, Wot, Wot, Wot, Wot, Wot, Wot, Wot, Wot, Wot, Wot, Wot, Wot, Wot, Wot, Wot, Wot, Wot, Wot, Wot, Wot, Wot, Wot, Wot, Wot, Wot, Wot, Wot, Wot, Wot, Wot, Wot, Wot, Wot, Wot, Wot, Wot, Wot, Wot, Wot, Wot, Wot, Wot, Wot, Wot, Wot, Wot, Wot, Wot, Wot, Wot, Wot, Wot, Wot, Wot, Wot, Wot, Wot, Wot, Wot
